
[1m[46m RUN [49m[22m [36mv4.0.18 [39m[90m/Users/Dileepa/Personal/DEEZ/deez-factory-flow[39m

 [31m❯[39m src/components/dashboard/production-planner.test.tsx [2m([22m[2m11 tests[22m[2m | [22m[31m3 failed[39m[2m)[22m[33m 3829[2mms[22m[39m
     [32m✓[39m renders the planner and allows style selection[32m 175[2mms[22m[39m
     [32m✓[39m allows selecting a Next Style (Continuous Flow)[32m 77[2mms[22m[39m
     [32m✓[39m switches planning mode[32m 45[2mms[22m[39m
     [32m✓[39m handles manual assignment[32m 69[2mms[22m[39m
     [32m✓[39m handles auto-assign and publish[32m 103[2mms[22m[39m
     [32m✓[39m handles operator removal[32m 76[2mms[22m[39m
     [32m✓[39m updates configuration inputs[32m 76[2mms[22m[39m
     [32m✓[39m verifies operational instructions[32m 30[2mms[22m[39m
[31m     [31m×[31m calculates KPIs correctly[39m[33m 1030[2mms[22m[39m
[31m     [31m×[31m passes correct props to DailyTimeline[39m[33m 1064[2mms[22m[39m
[31m     [31m×[31m renders Actual Output split (Primary/Next)[39m[33m 1082[2mms[22m[39m

[31m⎯⎯⎯⎯⎯⎯⎯[39m[1m[41m Failed Tests 3 [49m[22m[31m⎯⎯⎯⎯⎯⎯⎯[39m

[41m[1m FAIL [22m[49m src/components/dashboard/production-planner.test.tsx[2m > [22mProductionPlanner[2m > [22mcalculates KPIs correctly
[31m[1mTestingLibraryElementError[22m[39m: Unable to find an element with the text: Predicted Output. This could be because the text is broken up by multiple elements. In this case, you can provide a function for your text matcher to make your matcher more flexible.

Ignored nodes: comments, script, style
[36m<body>[39m
  [36m<div>[39m
    [36m<div[39m
      [33mclass[39m=[32m"rounded-lg border bg-card text-card-foreground shadow-sm w-full"[39m
    [36m>[39m
      [36m<div[39m
        [33mclass[39m=[32m"flex flex-col space-y-1.5 p-6"[39m
      [36m>[39m
        [36m<h3[39m
          [33mclass[39m=[32m"text-2xl font-semibold leading-none tracking-tight"[39m
        [36m>[39m
          [0mProduction Planner[0m
        [36m</h3>[39m
        [36m<p[39m
          [33mclass[39m=[32m"text-sm text-muted-foreground"[39m
        [36m>[39m
          [0mPlan daily targets and balance the production line.[0m
        [36m</p>[39m
      [36m</div>[39m
      [36m<div[39m
        [33mclass[39m=[32m"p-2 md:p-6"[39m
      [36m>[39m
        [36m<div[39m
          [33mclass[39m=[32m"flex flex-col gap-6 mb-6 p-2 md:p-0"[39m
        [36m>[39m
          [36m<div[39m
            [33mclass[39m=[32m"flex flex-col md:flex-row gap-4 items-end"[39m
          [36m>[39m
            [36m<div[39m
              [33mclass[39m=[32m"w-full md:w-1/3 space-y-2"[39m
            [36m>[39m
              [36m<label[39m
                [33mclass[39m=[32m"text-sm font-medium"[39m
              [36m>[39m
                [0mSelect Style[0m
              [36m</label>[39m
              [36m<div[39m
                [33mdata-testid[39m=[32m"select-root"[39m
                [33mdata-value[39m=[32m"style-1"[39m
              [36m>[39m
                [36m<div[39m
                  [33mrole[39m=[32m"combobox"[39m
                [36m>[39m
                  [36m<span>[39m
                    [0mChoose a style...[0m
                  [36m</span>[39m
                [36m</div>[39m
                [36m<div[39m
                  [33mdata-testid[39m=[32m"select-content"[39m
                [36m>[39m
                  [36m<div[39m
                    [33mdata-value[39m=[32m"style-1"[39m
                    [33mrole[39m=[32m"option"[39m
                  [36m>[39m
                    [0mStyle A[0m
                    [0m [0m
                    [36m<span[39m
                      [33mclass[39m=[32m"text-muted-foreground ml-2"[39m
                    [36m>[39m
                      [0m([0m
                      [0m10.00[0m
                      [0m mins)[0m
                    [36m</span>[39m
                  [36m</div>[39m
                  [36m<div[39m
                    [33mdata-value[39m=[32m"style-2"[39m
                    [33mrole[39m=[32m"option"[39m
                  [36m>[39m
                    [0mStyle B[0m
                    [0m [0m
                    [36m<span[39m
                      [33mclass[39m=[32m"text-muted-foreground ml-2"[39m
                    [36m>[39m
                      [0m([0m
                      [0m15.00[0m
                      [0m mins)[0m
                    [36m</span>[39m
                  [36m</div>[39m
                [36m</div>[39m
              [36m</div>[39m
            [36m</div>[39m
            [36m<div[39m
              [33mclass[39m=[32m"w-full md:w-1/3 space-y-2"[39m
            [36m>[39m
              [36m<label[39m
                [33mclass[39m=[32m"text-sm font-medium"[39m
              [36m>[39m
                [0mNext Style (Continuous Flow)[0m
              [36m</label>[39m
              [36m<div[39m
                [33mdata-testid[39m=[32m"select-root"[39m
                [33mdata-value[39m=[32m""[39m
              [36m>[39m
                [36m<div[39m
                  [33mrole[39m=[32m"combobox"[39m
                [36m>[39m
                  [36m<span>[39m
                    [0mSelect Next Style (Optional)[0m
                  [36m</span>[39m
                [36m</div>[39m
                [36m<div[39m
                  [33mdata-testid[39m=[32m"select-content"[39m
                [36m>[39m
                  [36m<div[39m
                    [33mdata-value[39m=[32m"none"[39m
                    [33mrole[39m=[32m"option"[39m
                  [36m>[39m
                    [0mNone[0m
                  [36m</div>[39m
                  [36m<div[39m
                    [33mdata-value[39m=[32m"style-2"[39m
                    [33mrole[39m=[32m"option"[39m
                  [36m>[39m
                    [0mStyle B[0m
                    [0m ([0m
                    [0m15.00[0m
                    [0m mins)[0m
                  [36m</div>[39m
                [36m</div>[39m
              [36m</div>[39m
            [36m</div>[39m
            [36m<div[39m
              [33mclass[39m=[32m"w-full md:w-1/3 space-y-2"[39m
            [36m>[39m
              [36m<label[39m
                [33mclass[39m=[32m"text-sm font-medium"[39m
              [36m>[39m
                [0mPlanning Mode[0m
              [36m</label>[39m
              [36m<div[39m
                [33mdata-testid[39m=[32m"select-root"[39m
                [33mdata-value[39m=[32m"capacity"[39m
              [36m>[39m
                [36m<div[39m
                  [33mrole[39m=[32m"combobox"[39m
                [36m>[39m
                  [36m<span />[39m
                [36m</div>[39m
                [36m<div[39m
                  [33mdata-testid[39m=[32m"select-content"[39m
                [36m>[39m
                  [36m<div[39m
                    [33mdata-value[39m=[32m"target"[39m
                    [33mrole[39m=[32m"option"[39m
                  [36m>[39m
                    [0mTarget Driven (Set Qty)[0m
                  [36m</div>[39m
                  [36m<div[39m
                    [33mdata-value[39m=[32m"capacity"[39m
                    [33mrole[39m=[32m"option"[39m
                  [36m>[39m
                    [0mCapacity Driven (Set Team Size)[0m
                  [36m</div>[39m
                [36m</div>[39m
              [36m</div>[39m
            [36m</div>[39m
            [36m<div[39m
              [33mclass[39m=[32m"w-full md:w-1/3 space-y-2"[39m
            [36m>[39m
              [36m<label[39m
                [33mclass[39m=[32m"text-sm font-medium"[39m
              [36m>[39m
                [0mAvailable Operators[0m
              [36m</label>[39m
              [36m<div[39m
                [33mdata-testid[39m=[32m"multi-select"[39m
              [36m>[39m
                [36m<span[39m
                  [33mdata-testid[39m=[32m"selected-count"[39m
                [36m>[39m
                  [0m3[0m
                [36m</span>[39m
                [36m<div[39m
                  [33mdata-testid[39m=[32m"option-op-1"[39m
                [36m>[39m
                  [0mOperator 1[0m
                [36m</div>[39m
                [36m<div[39m
                  [33mdat...

Ignored nodes: comments, script, style
[36m<html>[39m
  [36m<head />[39m
  [36m<body>[39m
    [36m<div>[39m
      [36m<div[39m
        [33mclass[39m=[32m"rounded-lg border bg-card text-card-foreground shadow-sm w-full"[39m
      [36m>[39m
        [36m<div[39m
          [33mclass[39m=[32m"flex flex-col space-y-1.5 p-6"[39m
        [36m>[39m
          [36m<h3[39m
            [33mclass[39m=[32m"text-2xl font-semibold leading-none tracking-tight"[39m
          [36m>[39m
            [0mProduction Planner[0m
          [36m</h3>[39m
          [36m<p[39m
            [33mclass[39m=[32m"text-sm text-muted-foreground"[39m
          [36m>[39m
            [0mPlan daily targets and balance the production line.[0m
          [36m</p>[39m
        [36m</div>[39m
        [36m<div[39m
          [33mclass[39m=[32m"p-2 md:p-6"[39m
        [36m>[39m
          [36m<div[39m
            [33mclass[39m=[32m"flex flex-col gap-6 mb-6 p-2 md:p-0"[39m
          [36m>[39m
            [36m<div[39m
              [33mclass[39m=[32m"flex flex-col md:flex-row gap-4 items-end"[39m
            [36m>[39m
              [36m<div[39m
                [33mclass[39m=[32m"w-full md:w-1/3 space-y-2"[39m
              [36m>[39m
                [36m<label[39m
                  [33mclass[39m=[32m"text-sm font-medium"[39m
                [36m>[39m
                  [0mSelect Style[0m
                [36m</label>[39m
                [36m<div[39m
                  [33mdata-testid[39m=[32m"select-root"[39m
                  [33mdata-value[39m=[32m"style-1"[39m
                [36m>[39m
                  [36m<div[39m
                    [33mrole[39m=[32m"combobox"[39m
                  [36m>[39m
                    [36m<span>[39m
                      [0mChoose a style...[0m
                    [36m</span>[39m
                  [36m</div>[39m
                  [36m<div[39m
                    [33mdata-testid[39m=[32m"select-content"[39m
                  [36m>[39m
                    [36m<div[39m
                      [33mdata-value[39m=[32m"style-1"[39m
                      [33mrole[39m=[32m"option"[39m
                    [36m>[39m
                      [0mStyle A[0m
                      [0m [0m
                      [36m<span[39m
                        [33mclass[39m=[32m"text-muted-foreground ml-2"[39m
                      [36m>[39m
                        [0m([0m
                        [0m10.00[0m
                        [0m mins)[0m
                      [36m</span>[39m
                    [36m</div>[39m
                    [36m<div[39m
                      [33mdata-value[39m=[32m"style-2"[39m
                      [33mrole[39m=[32m"option"[39m
                    [36m>[39m
                      [0mStyle B[0m
                      [0m [0m
                      [36m<span[39m
                        [33mclass[39m=[32m"text-muted-foreground ml-2"[39m
                      [36m>[39m
                        [0m([0m
                        [0m15.00[0m
                        [0m mins)[0m
                      [36m</span>[39m
                    [36m</div>[39m
                  [36m</div>[39m
                [36m</div>[39m
              [36m</div>[39m
              [36m<div[39m
                [33mclass[39m=[32m"w-full md:w-1/3 space-y-2"[39m
              [36m>[39m
                [36m<label[39m
                  [33mclass[39m=[32m"text-sm font-medium"[39m
                [36m>[39m
                  [0mNext Style (Continuous Flow)[0m
                [36m</label>[39m
                [36m<div[39m
                  [33mdata-testid[39m=[32m"select-root"[39m
                  [33mdata-value[39m=[32m""[39m
                [36m>[39m
                  [36m<div[39m
                    [33mrole[39m=[32m"combobox"[39m
                  [36m>[39m
                    [36m<span>[39m
                      [0mSelect Next Style (Optional)[0m
                    [36m</span>[39m
                  [36m</div>[39m
                  [36m<div[39m
                    [33mdata-testid[39m=[32m"select-content"[39m
                  [36m>[39m
                    [36m<div[39m
                      [33mdata-value[39m=[32m"none"[39m
                      [33mrole[39m=[32m"option"[39m
                    [36m>[39m
                      [0mNone[0m
                    [36m</div>[39m
                    [36m<div[39m
                      [33mdata-value[39m=[32m"style-2"[39m
                      [33mrole[39m=[32m"option"[39m
                    [36m>[39m
                      [0mStyle B[0m
                      [0m ([0m
                      [0m15.00[0m
                      [0m mins)[0m
                    [36m</div>[39m
                  [36m</div>[39m
                [36m</div>[39m
              [36m</div>[39m
              [36m<div[39m
                [33mclass[39m=[32m"w-full md:w-1/3 space-y-2"[39m
              [36m>[39m
                [36m<label[39m
                  [33mclass[39m=[32m"text-sm font-medium"[39m
                [36m>[39m
                  [0mPlanning Mode[0m
                [36m</label>[39m
                [36m<div[39m
                  [33mdata-testid[39m=[32m"select-root"[39m
                  [33mdata-value[39m=[32m"capacity"[39m
                [36m>[39m
                  [36m<div[39m
                    [33mrole[39m=[32m"combobox"[39m
                  [36m>[39m
                    [36m<span />[39m
                  [36m</div>[39m
                  [36m<div[39m
                    [33mdata-testid[39m=[32m"select-content"[39m
                  [36m>[39m
                    [36m<div[39m
                      [33mdata-value[39m=[32m"target"[39m
                      [33mrole[39m=[32m"option"[39m
                    [36m>[39m
                      [0mTarget Driven (Set Qty)[0m
                    [36m</div>[39m
                    [36m<div[39m
                      [33mdata-value[39m=[32m"capacity"[39m
                      [33mrole[39m=[32m"option"[39m
                    [36m>[39m
                      [0mCapacity Driven (Set Team Size)[0m
                    [36m</div>[39m
                  [36m</div>[39m
                [36m</div>[39m
              [36m</div>[39m
              [36m<div[39m
                [33mclass[39m=[32m"w-full md:w-1/3 space-y-2"[39m
              [36m>[39m
                [36m<label[39m
                  [33mclass[39m=[32m"text-sm font-medium"[39m
                [36m>[39m
                  [0mAvailable Operators[0m
                [36m</label>[39m
                [36m<div[39m
                  [33mdata-testid[39m=[32m"multi-select"[39m
                [36m>[39m
                  [36m<span[39m
                    [33mdata-tes...
[90m [2m❯[22m Proxy.waitForWrapper node_modules/@testing-library/dom/dist/wait-for.js:[2m163:27[22m[39m
[36m [2m❯[22m src/components/dashboard/production-planner.test.tsx:[2m421:15[22m[39m
    [90m419| [39m        fireEvent[33m.[39m[34mclick[39m(autoAssignBtn)[33m;[39m
    [90m420| [39m
    [90m421| [39m        [35mawait[39m [34mwaitFor[39m(() [33m=>[39m {
    [90m   | [39m              [31m^[39m
    [90m422| [39m            [34mexpect[39m(screen[33m.[39m[34mgetByText[39m([32m'Predicted Output'[39m))[33m.[39m[34mtoBeDefined[39m()[33m;[39m
    [90m423| [39m            [34mexpect[39m(screen[33m.[39m[34mgetByText[39m([32m'Line Efficiency'[39m))[33m.[39m[34mtoBeDefined[39m()[33m;[39m

[31m[2m⎯⎯⎯⎯⎯⎯⎯⎯⎯⎯⎯⎯⎯⎯⎯⎯⎯⎯⎯⎯⎯⎯⎯⎯[1/3]⎯[22m[39m

[41m[1m FAIL [22m[49m src/components/dashboard/production-planner.test.tsx[2m > [22mProductionPlanner[2m > [22mpasses correct props to DailyTimeline
[31m[1mAssertionError[22m[39m: expected undefined to be defined

Ignored nodes: comments, script, style
[36m<html>[39m
  [36m<head />[39m
  [36m<body>[39m
    [36m<div>[39m
      [36m<div[39m
        [33mclass[39m=[32m"rounded-lg border bg-card text-card-foreground shadow-sm w-full"[39m
      [36m>[39m
        [36m<div[39m
          [33mclass[39m=[32m"flex flex-col space-y-1.5 p-6"[39m
        [36m>[39m
          [36m<h3[39m
            [33mclass[39m=[32m"text-2xl font-semibold leading-none tracking-tight"[39m
          [36m>[39m
            [0mProduction Planner[0m
          [36m</h3>[39m
          [36m<p[39m
            [33mclass[39m=[32m"text-sm text-muted-foreground"[39m
          [36m>[39m
            [0mPlan daily targets and balance the production line.[0m
          [36m</p>[39m
        [36m</div>[39m
        [36m<div[39m
          [33mclass[39m=[32m"p-2 md:p-6"[39m
        [36m>[39m
          [36m<div[39m
            [33mclass[39m=[32m"flex flex-col gap-6 mb-6 p-2 md:p-0"[39m
          [36m>[39m
            [36m<div[39m
              [33mclass[39m=[32m"flex flex-col md:flex-row gap-4 items-end"[39m
            [36m>[39m
              [36m<div[39m
                [33mclass[39m=[32m"w-full md:w-1/3 space-y-2"[39m
              [36m>[39m
                [36m<label[39m
                  [33mclass[39m=[32m"text-sm font-medium"[39m
                [36m>[39m
                  [0mSelect Style[0m
                [36m</label>[39m
                [36m<div[39m
                  [33mdata-testid[39m=[32m"select-root"[39m
                  [33mdata-value[39m=[32m"style-1"[39m
                [36m>[39m
                  [36m<div[39m
                    [33mrole[39m=[32m"combobox"[39m
                  [36m>[39m
                    [36m<span>[39m
                      [0mChoose a style...[0m
                    [36m</span>[39m
                  [36m</div>[39m
                  [36m<div[39m
                    [33mdata-testid[39m=[32m"select-content"[39m
                  [36m>[39m
                    [36m<div[39m
                      [33mdata-value[39m=[32m"style-1"[39m
                      [33mrole[39m=[32m"option"[39m
                    [36m>[39m
                      [0mStyle A[0m
                      [0m [0m
                      [36m<span[39m
                        [33mclass[39m=[32m"text-muted-foreground ml-2"[39m
                      [36m>[39m
                        [0m([0m
                        [0m10.00[0m
                        [0m mins)[0m
                      [36m</span>[39m
                    [36m</div>[39m
                    [36m<div[39m
                      [33mdata-value[39m=[32m"style-2"[39m
                      [33mrole[39m=[32m"option"[39m
                    [36m>[39m
                      [0mStyle B[0m
                      [0m [0m
                      [36m<span[39m
                        [33mclass[39m=[32m"text-muted-foreground ml-2"[39m
                      [36m>[39m
                        [0m([0m
                        [0m15.00[0m
                        [0m mins)[0m
                      [36m</span>[39m
                    [36m</div>[39m
                  [36m</div>[39m
                [36m</div>[39m
              [36m</div>[39m
              [36m<div[39m
                [33mclass[39m=[32m"w-full md:w-1/3 space-y-2"[39m
              [36m>[39m
                [36m<label[39m
                  [33mclass[39m=[32m"text-sm font-medium"[39m
                [36m>[39m
                  [0mNext Style (Continuous Flow)[0m
                [36m</label>[39m
                [36m<div[39m
                  [33mdata-testid[39m=[32m"select-root"[39m
                  [33mdata-value[39m=[32m""[39m
                [36m>[39m
                  [36m<div[39m
                    [33mrole[39m=[32m"combobox"[39m
                  [36m>[39m
                    [36m<span>[39m
                      [0mSelect Next Style (Optional)[0m
                    [36m</span>[39m
                  [36m</div>[39m
                  [36m<div[39m
                    [33mdata-testid[39m=[32m"select-content"[39m
                  [36m>[39m
                    [36m<div[39m
                      [33mdata-value[39m=[32m"none"[39m
                      [33mrole[39m=[32m"option"[39m
                    [36m>[39m
                      [0mNone[0m
                    [36m</div>[39m
                    [36m<div[39m
                      [33mdata-value[39m=[32m"style-2"[39m
                      [33mrole[39m=[32m"option"[39m
                    [36m>[39m
                      [0mStyle B[0m
                      [0m ([0m
                      [0m15.00[0m
                      [0m mins)[0m
                    [36m</div>[39m
                  [36m</div>[39m
                [36m</div>[39m
              [36m</div>[39m
              [36m<div[39m
                [33mclass[39m=[32m"w-full md:w-1/3 space-y-2"[39m
              [36m>[39m
                [36m<label[39m
                  [33mclass[39m=[32m"text-sm font-medium"[39m
                [36m>[39m
                  [0mPlanning Mode[0m
                [36m</label>[39m
                [36m<div[39m
                  [33mdata-testid[39m=[32m"select-root"[39m
                  [33mdata-value[39m=[32m"capacity"[39m
                [36m>[39m
                  [36m<div[39m
                    [33mrole[39m=[32m"combobox"[39m
                  [36m>[39m
                    [36m<span />[39m
                  [36m</div>[39m
                  [36m<div[39m
                    [33mdata-testid[39m=[32m"select-content"[39m
                  [36m>[39m
                    [36m<div[39m
                      [33mdata-value[39m=[32m"target"[39m
                      [33mrole[39m=[32m"option"[39m
                    [36m>[39m
                      [0mTarget Driven (Set Qty)[0m
                    [36m</div>[39m
                    [36m<div[39m
                      [33mdata-value[39m=[32m"capacity"[39m
                      [33mrole[39m=[32m"option"[39m
                    [36m>[39m
                      [0mCapacity Driven (Set Team Size)[0m
                    [36m</div>[39m
                  [36m</div>[39m
                [36m</div>[39m
              [36m</div>[39m
              [36m<div[39m
                [33mclass[39m=[32m"w-full md:w-1/3 space-y-2"[39m
              [36m>[39m
                [36m<label[39m
                  [33mclass[39m=[32m"text-sm font-medium"[39m
                [36m>[39m
                  [0mAvailable Operators[0m
                [36m</label>[39m
                [36m<div[39m
                  [33mdata-testid[39m=[32m"multi-select"[39m
                [36m>[39m
                  [36m<span[39m
                    [33mdata-tes...
[36m [2m❯[22m src/components/dashboard/production-planner.test.tsx:[2m445:36[22m[39m
    [90m443| [39m            [35mconst[39m propsEl [33m=[39m screen[33m.[39m[34mgetByTestId[39m([32m'timeline-props'[39m)[33m;[39m
    [90m444| [39m            [35mconst[39m props [33m=[39m [33mJSON[39m[33m.[39m[34mparse[39m(propsEl[33m.[39mtextContent [33m||[39m [32m'{}'[39m)[33m;[39m
    [90m445| [39m            [34mexpect[39m(props[33m.[39msegments)[33m.[39m[34mtoBeDefined[39m()[33m;[39m
    [90m   | [39m                                   [31m^[39m
    [90m446| [39m            [34mexpect[39m(props[33m.[39msegments[[32m'op-1'[39m])[33m.[39m[34mtoBeDefined[39m()[33m;[39m
    [90m447| [39m            [34mexpect[39m(props[33m.[39msegments[[32m'op-1'[39m][33m.[39mlength)[33m.[39m[34mtoBeGreaterThan[39m([34m0[39m)[33m;[39m
[90m [2m❯[22m runWithExpensiveErrorDiagnosticsDisabled node_modules/@testing-library/dom/dist/config.js:[2m47:12[22m[39m
[90m [2m❯[22m checkCallback node_modules/@testing-library/dom/dist/wait-for.js:[2m124:77[22m[39m
[90m [2m❯[22m Timeout.checkRealTimersCallback node_modules/@testing-library/dom/dist/wait-for.js:[2m118:16[22m[39m

[31m[2m⎯⎯⎯⎯⎯⎯⎯⎯⎯⎯⎯⎯⎯⎯⎯⎯⎯⎯⎯⎯⎯⎯⎯⎯[2/3]⎯[22m[39m

[41m[1m FAIL [22m[49m src/components/dashboard/production-planner.test.tsx[2m > [22mProductionPlanner[2m > [22mrenders Actual Output split (Primary/Next)
[31m[1mTestingLibraryElementError[22m[39m: Unable to find an element with the text: Predicted Output. This could be because the text is broken up by multiple elements. In this case, you can provide a function for your text matcher to make your matcher more flexible.

Ignored nodes: comments, script, style
[36m<body>[39m
  [36m<div>[39m
    [36m<div[39m
      [33mclass[39m=[32m"rounded-lg border bg-card text-card-foreground shadow-sm w-full"[39m
    [36m>[39m
      [36m<div[39m
        [33mclass[39m=[32m"flex flex-col space-y-1.5 p-6"[39m
      [36m>[39m
        [36m<h3[39m
          [33mclass[39m=[32m"text-2xl font-semibold leading-none tracking-tight"[39m
        [36m>[39m
          [0mProduction Planner[0m
        [36m</h3>[39m
        [36m<p[39m
          [33mclass[39m=[32m"text-sm text-muted-foreground"[39m
        [36m>[39m
          [0mPlan daily targets and balance the production line.[0m
        [36m</p>[39m
      [36m</div>[39m
      [36m<div[39m
        [33mclass[39m=[32m"p-2 md:p-6"[39m
      [36m>[39m
        [36m<div[39m
          [33mclass[39m=[32m"flex flex-col gap-6 mb-6 p-2 md:p-0"[39m
        [36m>[39m
          [36m<div[39m
            [33mclass[39m=[32m"flex flex-col md:flex-row gap-4 items-end"[39m
          [36m>[39m
            [36m<div[39m
              [33mclass[39m=[32m"w-full md:w-1/3 space-y-2"[39m
            [36m>[39m
              [36m<label[39m
                [33mclass[39m=[32m"text-sm font-medium"[39m
              [36m>[39m
                [0mSelect Style[0m
              [36m</label>[39m
              [36m<div[39m
                [33mdata-testid[39m=[32m"select-root"[39m
                [33mdata-value[39m=[32m"style-1"[39m
              [36m>[39m
                [36m<div[39m
                  [33mrole[39m=[32m"combobox"[39m
                [36m>[39m
                  [36m<span>[39m
                    [0mChoose a style...[0m
                  [36m</span>[39m
                [36m</div>[39m
                [36m<div[39m
                  [33mdata-testid[39m=[32m"select-content"[39m
                [36m>[39m
                  [36m<div[39m
                    [33mdata-value[39m=[32m"style-1"[39m
                    [33mrole[39m=[32m"option"[39m
                  [36m>[39m
                    [0mStyle A[0m
                    [0m [0m
                    [36m<span[39m
                      [33mclass[39m=[32m"text-muted-foreground ml-2"[39m
                    [36m>[39m
                      [0m([0m
                      [0m10.00[0m
                      [0m mins)[0m
                    [36m</span>[39m
                  [36m</div>[39m
                  [36m<div[39m
                    [33mdata-value[39m=[32m"style-2"[39m
                    [33mrole[39m=[32m"option"[39m
                  [36m>[39m
                    [0mStyle B[0m
                    [0m [0m
                    [36m<span[39m
                      [33mclass[39m=[32m"text-muted-foreground ml-2"[39m
                    [36m>[39m
                      [0m([0m
                      [0m15.00[0m
                      [0m mins)[0m
                    [36m</span>[39m
                  [36m</div>[39m
                [36m</div>[39m
              [36m</div>[39m
            [36m</div>[39m
            [36m<div[39m
              [33mclass[39m=[32m"w-full md:w-1/3 space-y-2"[39m
            [36m>[39m
              [36m<label[39m
                [33mclass[39m=[32m"text-sm font-medium"[39m
              [36m>[39m
                [0mNext Style (Continuous Flow)[0m
              [36m</label>[39m
              [36m<div[39m
                [33mdata-testid[39m=[32m"select-root"[39m
                [33mdata-value[39m=[32m"style-2"[39m
              [36m>[39m
                [36m<div[39m
                  [33mrole[39m=[32m"combobox"[39m
                [36m>[39m
                  [36m<span>[39m
                    [0mSelect Next Style (Optional)[0m
                  [36m</span>[39m
                [36m</div>[39m
                [36m<div[39m
                  [33mdata-testid[39m=[32m"select-content"[39m
                [36m>[39m
                  [36m<div[39m
                    [33mdata-value[39m=[32m"none"[39m
                    [33mrole[39m=[32m"option"[39m
                  [36m>[39m
                    [0mNone[0m
                  [36m</div>[39m
                  [36m<div[39m
                    [33mdata-value[39m=[32m"style-2"[39m
                    [33mrole[39m=[32m"option"[39m
                  [36m>[39m
                    [0mStyle B[0m
                    [0m ([0m
                    [0m15.00[0m
                    [0m mins)[0m
                  [36m</div>[39m
                [36m</div>[39m
              [36m</div>[39m
            [36m</div>[39m
            [36m<div[39m
              [33mclass[39m=[32m"w-full md:w-1/3 space-y-2"[39m
            [36m>[39m
              [36m<label[39m
                [33mclass[39m=[32m"text-sm font-medium"[39m
              [36m>[39m
                [0mPlanning Mode[0m
              [36m</label>[39m
              [36m<div[39m
                [33mdata-testid[39m=[32m"select-root"[39m
                [33mdata-value[39m=[32m"capacity"[39m
              [36m>[39m
                [36m<div[39m
                  [33mrole[39m=[32m"combobox"[39m
                [36m>[39m
                  [36m<span />[39m
                [36m</div>[39m
                [36m<div[39m
                  [33mdata-testid[39m=[32m"select-content"[39m
                [36m>[39m
                  [36m<div[39m
                    [33mdata-value[39m=[32m"target"[39m
                    [33mrole[39m=[32m"option"[39m
                  [36m>[39m
                    [0mTarget Driven (Set Qty)[0m
                  [36m</div>[39m
                  [36m<div[39m
                    [33mdata-value[39m=[32m"capacity"[39m
                    [33mrole[39m=[32m"option"[39m
                  [36m>[39m
                    [0mCapacity Driven (Set Team Size)[0m
                  [36m</div>[39m
                [36m</div>[39m
              [36m</div>[39m
            [36m</div>[39m
            [36m<div[39m
              [33mclass[39m=[32m"w-full md:w-1/3 space-y-2"[39m
            [36m>[39m
              [36m<label[39m
                [33mclass[39m=[32m"text-sm font-medium"[39m
              [36m>[39m
                [0mAvailable Operators[0m
              [36m</label>[39m
              [36m<div[39m
                [33mdata-testid[39m=[32m"multi-select"[39m
              [36m>[39m
                [36m<span[39m
                  [33mdata-testid[39m=[32m"selected-count"[39m
                [36m>[39m
                  [0m3[0m
                [36m</span>[39m
                [36m<div[39m
                  [33mdata-testid[39m=[32m"option-op-1"[39m
                [36m>[39m
                  [0mOperator 1[0m
                [36m</div>[39m
                [36m<div[39m
                  ...

Ignored nodes: comments, script, style
[36m<html>[39m
  [36m<head />[39m
  [36m<body>[39m
    [36m<div>[39m
      [36m<div[39m
        [33mclass[39m=[32m"rounded-lg border bg-card text-card-foreground shadow-sm w-full"[39m
      [36m>[39m
        [36m<div[39m
          [33mclass[39m=[32m"flex flex-col space-y-1.5 p-6"[39m
        [36m>[39m
          [36m<h3[39m
            [33mclass[39m=[32m"text-2xl font-semibold leading-none tracking-tight"[39m
          [36m>[39m
            [0mProduction Planner[0m
          [36m</h3>[39m
          [36m<p[39m
            [33mclass[39m=[32m"text-sm text-muted-foreground"[39m
          [36m>[39m
            [0mPlan daily targets and balance the production line.[0m
          [36m</p>[39m
        [36m</div>[39m
        [36m<div[39m
          [33mclass[39m=[32m"p-2 md:p-6"[39m
        [36m>[39m
          [36m<div[39m
            [33mclass[39m=[32m"flex flex-col gap-6 mb-6 p-2 md:p-0"[39m
          [36m>[39m
            [36m<div[39m
              [33mclass[39m=[32m"flex flex-col md:flex-row gap-4 items-end"[39m
            [36m>[39m
              [36m<div[39m
                [33mclass[39m=[32m"w-full md:w-1/3 space-y-2"[39m
              [36m>[39m
                [36m<label[39m
                  [33mclass[39m=[32m"text-sm font-medium"[39m
                [36m>[39m
                  [0mSelect Style[0m
                [36m</label>[39m
                [36m<div[39m
                  [33mdata-testid[39m=[32m"select-root"[39m
                  [33mdata-value[39m=[32m"style-1"[39m
                [36m>[39m
                  [36m<div[39m
                    [33mrole[39m=[32m"combobox"[39m
                  [36m>[39m
                    [36m<span>[39m
                      [0mChoose a style...[0m
                    [36m</span>[39m
                  [36m</div>[39m
                  [36m<div[39m
                    [33mdata-testid[39m=[32m"select-content"[39m
                  [36m>[39m
                    [36m<div[39m
                      [33mdata-value[39m=[32m"style-1"[39m
                      [33mrole[39m=[32m"option"[39m
                    [36m>[39m
                      [0mStyle A[0m
                      [0m [0m
                      [36m<span[39m
                        [33mclass[39m=[32m"text-muted-foreground ml-2"[39m
                      [36m>[39m
                        [0m([0m
                        [0m10.00[0m
                        [0m mins)[0m
                      [36m</span>[39m
                    [36m</div>[39m
                    [36m<div[39m
                      [33mdata-value[39m=[32m"style-2"[39m
                      [33mrole[39m=[32m"option"[39m
                    [36m>[39m
                      [0mStyle B[0m
                      [0m [0m
                      [36m<span[39m
                        [33mclass[39m=[32m"text-muted-foreground ml-2"[39m
                      [36m>[39m
                        [0m([0m
                        [0m15.00[0m
                        [0m mins)[0m
                      [36m</span>[39m
                    [36m</div>[39m
                  [36m</div>[39m
                [36m</div>[39m
              [36m</div>[39m
              [36m<div[39m
                [33mclass[39m=[32m"w-full md:w-1/3 space-y-2"[39m
              [36m>[39m
                [36m<label[39m
                  [33mclass[39m=[32m"text-sm font-medium"[39m
                [36m>[39m
                  [0mNext Style (Continuous Flow)[0m
                [36m</label>[39m
                [36m<div[39m
                  [33mdata-testid[39m=[32m"select-root"[39m
                  [33mdata-value[39m=[32m"style-2"[39m
                [36m>[39m
                  [36m<div[39m
                    [33mrole[39m=[32m"combobox"[39m
                  [36m>[39m
                    [36m<span>[39m
                      [0mSelect Next Style (Optional)[0m
                    [36m</span>[39m
                  [36m</div>[39m
                  [36m<div[39m
                    [33mdata-testid[39m=[32m"select-content"[39m
                  [36m>[39m
                    [36m<div[39m
                      [33mdata-value[39m=[32m"none"[39m
                      [33mrole[39m=[32m"option"[39m
                    [36m>[39m
                      [0mNone[0m
                    [36m</div>[39m
                    [36m<div[39m
                      [33mdata-value[39m=[32m"style-2"[39m
                      [33mrole[39m=[32m"option"[39m
                    [36m>[39m
                      [0mStyle B[0m
                      [0m ([0m
                      [0m15.00[0m
                      [0m mins)[0m
                    [36m</div>[39m
                  [36m</div>[39m
                [36m</div>[39m
              [36m</div>[39m
              [36m<div[39m
                [33mclass[39m=[32m"w-full md:w-1/3 space-y-2"[39m
              [36m>[39m
                [36m<label[39m
                  [33mclass[39m=[32m"text-sm font-medium"[39m
                [36m>[39m
                  [0mPlanning Mode[0m
                [36m</label>[39m
                [36m<div[39m
                  [33mdata-testid[39m=[32m"select-root"[39m
                  [33mdata-value[39m=[32m"capacity"[39m
                [36m>[39m
                  [36m<div[39m
                    [33mrole[39m=[32m"combobox"[39m
                  [36m>[39m
                    [36m<span />[39m
                  [36m</div>[39m
                  [36m<div[39m
                    [33mdata-testid[39m=[32m"select-content"[39m
                  [36m>[39m
                    [36m<div[39m
                      [33mdata-value[39m=[32m"target"[39m
                      [33mrole[39m=[32m"option"[39m
                    [36m>[39m
                      [0mTarget Driven (Set Qty)[0m
                    [36m</div>[39m
                    [36m<div[39m
                      [33mdata-value[39m=[32m"capacity"[39m
                      [33mrole[39m=[32m"option"[39m
                    [36m>[39m
                      [0mCapacity Driven (Set Team Size)[0m
                    [36m</div>[39m
                  [36m</div>[39m
                [36m</div>[39m
              [36m</div>[39m
              [36m<div[39m
                [33mclass[39m=[32m"w-full md:w-1/3 space-y-2"[39m
              [36m>[39m
                [36m<label[39m
                  [33mclass[39m=[32m"text-sm font-medium"[39m
                [36m>[39m
                  [0mAvailable Operators[0m
                [36m</label>[39m
                [36m<div[39m
                  [33mdata-testid[39m=[32m"multi-select"[39m
                [36m>[39m
                  [36m<span[39m
                    [33md...
[90m [2m❯[22m Proxy.waitForWrapper node_modules/@testing-library/dom/dist/wait-for.js:[2m163:27[22m[39m
[36m [2m❯[22m src/components/dashboard/production-planner.test.tsx:[2m466:15[22m[39m
    [90m464| [39m        fireEvent[33m.[39m[34mclick[39m(autoAssignBtn)[33m;[39m
    [90m465| [39m
    [90m466| [39m        [35mawait[39m [34mwaitFor[39m(() [33m=>[39m {
    [90m   | [39m              [31m^[39m
    [90m467| [39m            [35mconst[39m cardTitle [33m=[39m screen[33m.[39m[34mgetByText[39m([32m'Predicted Output'[39m)[33m;[39m
    [90m468| [39m            [90m// eslint-disable-next-line testing-library/no-node-access[39m

[31m[2m⎯⎯⎯⎯⎯⎯⎯⎯⎯⎯⎯⎯⎯⎯⎯⎯⎯⎯⎯⎯⎯⎯⎯⎯[3/3]⎯[22m[39m


[2m Test Files [22m [1m[31m1 failed[39m[22m[90m (1)[39m
[2m      Tests [22m [1m[31m3 failed[39m[22m[2m | [22m[1m[32m8 passed[39m[22m[90m (11)[39m
[2m   Start at [22m 13:03:41
[2m   Duration [22m 5.06s[2m (transform 216ms, setup 0ms, import 683ms, tests 3.83s, environment 409ms)[22m

